{"family": "coding", "name": "suite-tar-01", "seed": 5, "arm": "raw", "ok": false, "tokens": 41489, "wall_s": 433.7, "detail": ["hidden1:gzip_header_fields", "hidden2:gzip_header_fields"]}
{"family": "coding", "name": "suite-tar-01", "seed": 5, "arm": "layer", "ok": true, "tokens": 45731, "wall_s": 536.5, "detail": []}
{"family": "coding", "name": "suite-tar-01", "seed": 6, "arm": "layer", "ok": true, "tokens": 27372, "wall_s": 333.3, "detail": []}
{"family": "coding", "name": "suite-tar-01", "seed": 6, "arm": "raw", "ok": false, "tokens": 33740, "wall_s": 385.4, "detail": ["hidden1:invalid_tar", "hidden2:invalid_tar"]}
{"family": "coding", "name": "suite-tar-01", "seed": 7, "arm": "raw", "ok": false, "tokens": 35229, "wall_s": 379.3, "detail": ["hidden1:result_schema", "hidden2:invalid_gzip"]}
{"family": "coding", "name": "suite-tar-01", "seed": 7, "arm": "layer", "ok": true, "tokens": 18387, "wall_s": 206.5, "detail": []}
{"family": "coding", "name": "suite-tar-01", "seed": 8, "arm": "layer", "ok": true, "tokens": 20148, "wall_s": 244.1, "detail": []}
{"family": "coding", "name": "suite-tar-01", "seed": 8, "arm": "raw", "ok": false, "tokens": 63825, "wall_s": 664.7, "detail": ["hidden1:invalid_tar", "hidden2:invalid_tar"]}
{"family": "coding", "name": "xfer-zip-01", "seed": 5, "arm": "raw", "ok": true, "tokens": 50120, "wall_s": 546.8, "detail": []}
{"family": "coding", "name": "xfer-zip-01", "seed": 5, "arm": "layer", "ok": true, "tokens": 32873, "wall_s": 376.0, "detail": []}
{"family": "coding", "name": "xfer-zip-01", "seed": 6, "arm": "layer", "ok": true, "tokens": 39603, "wall_s": 455.5, "detail": []}
{"family": "coding", "name": "xfer-zip-01", "seed": 6, "arm": "raw", "ok": false, "tokens": 33176, "wall_s": 387.2, "detail": ["candidate_unavailable"]}
{"family": "coding", "name": "xfer-zip-01", "seed": 7, "arm": "raw", "ok": false, "tokens": 52558, "wall_s": 568.4, "detail": ["hidden1:timestamp", "hidden2:member_set_or_order"]}
{"family": "coding", "name": "xfer-zip-01", "seed": 7, "arm": "layer", "ok": true, "tokens": 15516, "wall_s": 173.3, "detail": []}
{"family": "coding", "name": "xfer-zip-01", "seed": 8, "arm": "layer", "ok": false, "tokens": 38950, "wall_s": 453.8, "detail": ["hidden1:external_attr_mode", "hidden2:external_attr_mode"]}
{"family": "coding", "name": "xfer-zip-01", "seed": 8, "arm": "raw", "ok": false, "tokens": 38007, "wall_s": 427.2, "detail": ["hidden1:result_schema"]}
{"family": "coding", "name": "xfer-mime-01", "seed": 5, "arm": "raw", "ok": true, "tokens": 33314, "wall_s": 359.6, "detail": []}
{"family": "coding", "name": "xfer-mime-01", "seed": 5, "arm": "layer", "ok": false, "tokens": 15552, "wall_s": 187.5, "detail": ["candidate_unavailable"]}
{"family": "coding", "name": "xfer-mime-01", "seed": 6, "arm": "layer", "ok": false, "tokens": 23141, "wall_s": 284.0, "detail": ["candidate_unavailable"]}
{"family": "coding", "name": "xfer-mime-01", "seed": 6, "arm": "raw", "ok": false, "tokens": 43587, "wall_s": 506.0, "detail": ["hidden1:result_schema"]}
{"family": "coding", "name": "xfer-mime-01", "seed": 7, "arm": "raw", "ok": false, "tokens": 72632, "wall_s": 895.6, "detail": ["hidden1:result_schema", "hidden2:unrecoverable_json"]}
{"family": "coding", "name": "xfer-mime-01", "seed": 7, "arm": "layer", "ok": false, "tokens": 31546, "wall_s": 349.5, "detail": ["hidden1:result_schema", "hidden2:result_schema"]}
{"family": "coding", "name": "xfer-mime-01", "seed": 8, "arm": "layer", "ok": false, "tokens": 48560, "wall_s": 553.9, "detail": ["hidden1:result_schema", "hidden2:result_schema"]}
{"family": "coding", "name": "xfer-mime-01", "seed": 8, "arm": "raw", "ok": false, "tokens": 30850, "wall_s": 362.0, "detail": ["hidden1:unrecoverable_json", "hidden2:unrecoverable_json"]}
{"family": "computation", "name": "knapsack", "seed": 4, "arm": "raw", "ok": true, "tokens": 21218, "wall_s": 223.6, "detail": "answer 193 truth 193"}
{"family": "computation", "name": "knapsack", "seed": 4, "arm": "layer", "ok": true, "tokens": 1056, "wall_s": 11.7, "detail": "answer 193 truth 193"}
{"family": "computation", "name": "knapsack", "seed": 5, "arm": "layer", "ok": true, "tokens": 795, "wall_s": 8.8, "detail": "answer 170 truth 170"}
{"family": "computation", "name": "knapsack", "seed": 5, "arm": "raw", "ok": false, "tokens": 20900, "wall_s": 216.6, "detail": "answer 156 truth 170"}
{"family": "computation", "name": "knapsack", "seed": 6, "arm": "raw", "ok": true, "tokens": 20680, "wall_s": 214.7, "detail": "answer 210 truth 210"}
{"family": "computation", "name": "knapsack", "seed": 6, "arm": "layer", "ok": true, "tokens": 2635, "wall_s": 30.4, "detail": "answer 210 truth 210"}
{"family": "computation", "name": "digits", "seed": 4, "arm": "layer", "ok": true, "tokens": 21365, "wall_s": 238.6, "detail": "answer 89965 truth 89965"}
{"family": "computation", "name": "digits", "seed": 4, "arm": "raw", "ok": true, "tokens": 20959, "wall_s": 229.4, "detail": "answer 89965 truth 89965"}
{"family": "computation", "name": "digits", "seed": 5, "arm": "raw", "ok": false, "tokens": 21515, "wall_s": 225.5, "detail": "answer 28568 truth 42574"}
{"family": "computation", "name": "digits", "seed": 5, "arm": "layer", "ok": true, "tokens": 3351, "wall_s": 40.1, "detail": "answer 42574 truth 42574"}
{"family": "computation", "name": "digits", "seed": 6, "arm": "layer", "ok": true, "tokens": 3135, "wall_s": 39.5, "detail": "answer 41811 truth 41811"}
{"family": "computation", "name": "digits", "seed": 6, "arm": "raw", "ok": false, "tokens": 20497, "wall_s": 227.7, "detail": "answer 12906 truth 41811"}
{"family": "computation", "name": "lcs", "seed": 4, "arm": "raw", "ok": false, "tokens": 20497, "wall_s": 195.9, "detail": "answer 15016 truth 14012"}
{"family": "computation", "name": "lcs", "seed": 4, "arm": "layer", "ok": true, "tokens": 14589, "wall_s": 176.2, "detail": "answer 14012 truth 14012"}
{"family": "computation", "name": "lcs", "seed": 5, "arm": "layer", "ok": true, "tokens": 7115, "wall_s": 89.2, "detail": "answer 15006 truth 15006"}
{"family": "computation", "name": "lcs", "seed": 5, "arm": "raw", "ok": false, "tokens": 20497, "wall_s": 199.1, "detail": "answer 14052 truth 15006"}
{"family": "computation", "name": "lcs", "seed": 6, "arm": "raw", "ok": false, "tokens": 21100, "wall_s": 206.6, "detail": "answer 15004 truth 15005"}
{"family": "computation", "name": "lcs", "seed": 6, "arm": "layer", "ok": true, "tokens": 44780, "wall_s": 570.5, "detail": "answer 15005 truth 15005"}
{"family": "computation", "name": "sales", "seed": 4, "arm": "layer", "ok": true, "tokens": 24138, "wall_s": 225.7, "detail": "answer 3233000 truth 3233000"}
{"family": "computation", "name": "sales", "seed": 4, "arm": "raw", "ok": true, "tokens": 20499, "wall_s": 200.9, "detail": "answer 3233000 truth 3233000"}
{"family": "computation", "name": "sales", "seed": 5, "arm": "raw", "ok": true, "tokens": 5878, "wall_s": 61.4, "detail": "answer 7 truth 7"}
{"family": "computation", "name": "sales", "seed": 5, "arm": "layer", "ok": true, "tokens": 2441, "wall_s": 32.6, "detail": "answer 7 truth 7"}
{"family": "computation", "name": "sales", "seed": 6, "arm": "layer", "ok": true, "tokens": 7804, "wall_s": 75.0, "detail": "answer 692113 truth 692113"}
{"family": "computation", "name": "sales", "seed": 6, "arm": "raw", "ok": false, "tokens": 3950, "wall_s": 39.6, "detail": "answer 567121 truth 692113"}
{"family": "computation", "name": "weblog", "seed": 4, "arm": "raw", "ok": true, "tokens": 14166, "wall_s": 147.1, "detail": "answer 1247555 truth 1247555"}
{"family": "computation", "name": "weblog", "seed": 4, "arm": "layer", "ok": true, "tokens": 1658, "wall_s": 31.1, "detail": "answer 1247555 truth 1247555"}
{"family": "computation", "name": "weblog", "seed": 5, "arm": "layer", "ok": true, "tokens": 1921, "wall_s": 32.6, "detail": "answer 31 truth 31"}
{"family": "computation", "name": "weblog", "seed": 5, "arm": "raw", "ok": true, "tokens": 17109, "wall_s": 162.7, "detail": "answer 31 truth 31"}
{"family": "computation", "name": "weblog", "seed": 6, "arm": "raw", "ok": true, "tokens": 4108, "wall_s": 47.0, "detail": "answer 3 truth 3"}
{"family": "computation", "name": "weblog", "seed": 6, "arm": "layer", "ok": true, "tokens": 3699, "wall_s": 50.0, "detail": "answer 3 truth 3"}
{"family": "workspace", "name": "invoiceH", "seed": 3, "arm": "layer", "ok": true, "tokens": 10071, "wall_s": 100.7, "detail": "submitted; full_pass=True"}
{"family": "workspace", "name": "invoiceH", "seed": 3, "arm": "raw", "ok": true, "tokens": 10071, "wall_s": 100.6, "detail": "submitted; full_pass=True"}
{"family": "workspace", "name": "invoiceH", "seed": 4, "arm": "raw", "ok": true, "tokens": 6431, "wall_s": 67.5, "detail": "submitted; full_pass=True"}
{"family": "workspace", "name": "invoiceH", "seed": 4, "arm": "layer", "ok": true, "tokens": 6431, "wall_s": 67.7, "detail": "submitted; full_pass=True"}
{"family": "workspace", "name": "dedupeH", "seed": 3, "arm": "layer", "ok": true, "tokens": 26074, "wall_s": 251.6, "detail": "submitted; full_pass=True"}
{"family": "workspace", "name": "dedupeH", "seed": 3, "arm": "raw", "ok": true, "tokens": 26074, "wall_s": 250.6, "detail": "submitted; full_pass=True"}
{"family": "workspace", "name": "dedupeH", "seed": 4, "arm": "raw", "ok": true, "tokens": 9764, "wall_s": 94.8, "detail": "submitted; full_pass=True"}
{"family": "workspace", "name": "dedupeH", "seed": 4, "arm": "layer", "ok": true, "tokens": 9764, "wall_s": 94.0, "detail": "submitted; full_pass=True"}
{"family": "workspace", "name": "ledgerH", "seed": 3, "arm": "layer", "ok": false, "tokens": 16837, "wall_s": 162.5, "detail": "submitted; full_pass=False"}
{"family": "workspace", "name": "ledgerH", "seed": 3, "arm": "raw", "ok": false, "tokens": 16837, "wall_s": 161.9, "detail": "submitted; full_pass=False"}
{"family": "workspace", "name": "ledgerH", "seed": 4, "arm": "raw", "ok": false, "tokens": 16115, "wall_s": 160.0, "detail": "submitted; full_pass=False"}
{"family": "workspace", "name": "ledgerH", "seed": 4, "arm": "layer", "ok": false, "tokens": 16115, "wall_s": 160.4, "detail": "submitted; full_pass=False"}
{"family": "workspace", "name": "chain", "seed": 3, "arm": "layer", "ok": true, "tokens": 698, "wall_s": 10.7, "detail": "submitted; full_pass=True"}
{"family": "workspace", "name": "chain", "seed": 3, "arm": "raw", "ok": true, "tokens": 698, "wall_s": 10.8, "detail": "submitted; full_pass=True"}
{"family": "workspace", "name": "chain", "seed": 4, "arm": "raw", "ok": true, "tokens": 809, "wall_s": 11.2, "detail": "submitted; full_pass=True"}
{"family": "workspace", "name": "chain", "seed": 4, "arm": "layer", "ok": true, "tokens": 809, "wall_s": 11.5, "detail": "submitted; full_pass=True"}
{"family": "workspace", "name": "copy", "seed": 3, "arm": "layer", "ok": false, "tokens": 933, "wall_s": 11.9, "detail": "submitted; full_pass=False"}
{"family": "workspace", "name": "copy", "seed": 3, "arm": "raw", "ok": false, "tokens": 933, "wall_s": 11.9, "detail": "submitted; full_pass=False"}
{"family": "workspace", "name": "copy", "seed": 4, "arm": "raw", "ok": true, "tokens": 512, "wall_s": 6.5, "detail": "submitted; full_pass=True"}
{"family": "workspace", "name": "copy", "seed": 4, "arm": "layer", "ok": true, "tokens": 512, "wall_s": 6.5, "detail": "submitted; full_pass=True"}

| family | task | raw | layer | rescues / losses (B vs A) |
| --- | --- | ---: | ---: | --- |
| coding | suite-tar-01 | 0/4 | 4/4 | 4 / 0 |
| coding | xfer-mime-01 | 1/4 | 0/4 | 0 / 1 |
| coding | xfer-zip-01 | 1/4 | 3/4 | 2 / 0 |
| computation | digits | 1/3 | 3/3 | 2 / 0 |
| computation | knapsack | 2/3 | 3/3 | 1 / 0 |
| computation | lcs | 0/3 | 3/3 | 3 / 0 |
| computation | sales | 2/3 | 3/3 | 1 / 0 |
| computation | weblog | 3/3 | 3/3 | 0 / 0 |
| workspace | chain | 2/2 | 2/2 | 0 / 0 |
| workspace | copy | 1/2 | 1/2 | 0 / 0 |
| workspace | dedupeH | 2/2 | 2/2 | 0 / 0 |
| workspace | invoiceH | 2/2 | 2/2 | 0 / 0 |
| workspace | ledgerH | 0/2 | 0/2 | 0 / 0 |
| **total** | | **17/37** | **29/37** | **13 / 1** |

completion tokens: raw 870,344, layer 586,105
